---
source: crates/replique/tests/corpus.rs
assertion_line: 192
expression: "render(& src, & parsed)"
---
== nodes ==
node start
  choice-group @2:1 "->\n->"
    choice (empty) @2:1 "->"
    choice (empty) @3:1 "->"

== diagnostics ==
error empty-choice-text @2:1 "->"
error empty-choice-text @3:1 "->"
